// Jest Snapshot v1, https://goo.gl/fbAQLP

exports[`fixtures demo 1`] = `
"demo
  dist
    demo.js
    demo.js.map
    demo.m.js
    demo.m.js.map
    demo.umd.js
    demo.umd.js.map
  src
    index.js
    two.js


Build output to dist:
222 B: demo.js
223 B: demo.m.js
295 B: demo.umd.js"
`;

exports[`fixtures jsx 1`] = `
"jsx
  dist
    jsx.js
    jsx.js.map
    jsx.m.js
    jsx.m.js.map
    jsx.umd.js
    jsx.umd.js.map
  index.js


Build output to dist:
211 B: jsx.js
212 B: jsx.m.js
283 B: jsx.umd.js"
`;

exports[`fixtures ts-demo 1`] = `
"ts-demo
  dist
    car.d.ts
    index.d.ts
    ts-demo.js
    ts-demo.js.map
    ts-demo.m.js
    ts-demo.m.js.map
    ts-demo.umd.js
    ts-demo.umd.js.map
  src
    car.ts
    index.ts


Build output to dist:
104 B: ts-demo.js
97 B: ts-demo.m.js
175 B: ts-demo.umd.js"
`;
